checking for gcc... gcc
checking whether the C compiler works... yes
checking for C compiler default output file name... a.out
checking for suffix of executables... 
checking whether we are cross compiling... no
checking for suffix of object files... o
checking whether we are using the GNU C compiler... yes
checking whether gcc accepts -g... yes
checking for gcc option to accept ISO C89... none needed
checking for bfd_init in -lbfd... yes
checking for elf_version in -lelf... yes
checking for dwarf_init in -ldwarf... yes
checking how to run the C preprocessor... gcc -E
checking for grep that handles long lines and -e... /usr/bin/grep
checking for egrep... /usr/bin/grep -E
checking for ANSI C header files... yes
checking for sys/types.h... yes
checking for sys/stat.h... yes
checking for stdlib.h... yes
checking for string.h... yes
checking for memory.h... yes
checking for strings.h... yes
checking for inttypes.h... yes
checking for stdint.h... yes
checking for unistd.h... yes
checking fcntl.h usability... yes
checking fcntl.h presence... yes
checking for fcntl.h... yes
checking for stdint.h... (cached) yes
checking for stdlib.h... (cached) yes
checking for string.h... (cached) yes
checking for strings.h... (cached) yes
checking for unistd.h... (cached) yes
checking sched.h usability... yes
checking sched.h presence... yes
checking for sched.h... yes
checking sys/prctl.h usability... yes
checking sys/prctl.h presence... yes
checking for sys/prctl.h... yes
checking bfd.h usability... yes
checking bfd.h presence... yes
checking for bfd.h... yes
checking libdwarf.h usability... no
checking libdwarf.h presence... no
checking for libdwarf.h... no
checking libdwarf/libdwarf.h usability... yes
checking libdwarf/libdwarf.h presence... yes
checking for libdwarf/libdwarf.h... yes
checking for inline... inline
checking for int16_t... yes
checking for pid_t... yes
checking for size_t... yes
checking for uint16_t... yes
checking for uint32_t... yes
checking for uint64_t... yes
checking for uint8_t... yes
checking vfork.h usability... no
checking vfork.h presence... no
checking for vfork.h... no
checking for fork... yes
checking for vfork... yes
checking for working fork... yes
checking for working vfork... (cached) yes
checking for stdlib.h... (cached) yes
checking for GNU libc compatible malloc... yes
checking for stdlib.h... (cached) yes
checking for unistd.h... (cached) yes
checking for sys/param.h... yes
checking for getpagesize... yes
checking for working mmap... yes
checking for stdlib.h... (cached) yes
checking for GNU libc compatible realloc... yes
checking for bzero... yes
checking for memset... yes
checking for munmap... yes
checking for strchr... yes
checking for strdup... yes
checking for strtoul... yes
checking for strtoull... yes
checking for uname... yes
checking for mmap64... yes
checking for sched_setaffinity... yes
configure: creating ./config.status
config.status: creating Makefile
config.status: creating src/Makefile
config.status: creating demo/Makefile
config.status: creating src/config.h
